1.200000
2.300000
3.500000
4.400000
6.500000
7.500000
23.900000
37.900000
99.500000
