+---------+  +---+  +------+  +----+  +------+
| 6000000 |->| 0 |->| -326 |->| 96 |->| NULL |
+---------+  +---+  +------+  +----+  +------+
0            1      2         3       <- Index
