Original Tree
      (0002)                                                                    
   *----*------*                                                                
(0001)      (0003)                                                              

--------------------------------------------------------------------------------
Adding -1...
            (0002)                                                              
         *----*------*                                                          
      (0001)      (0003)                                                        
   *-----*                                                                      
(-001)                                                                          

--------------------------------------------------------------------------------
Adding -5...
                  (0002)                                                        
               *----*------*                                                    
            (0001)      (0003)                                                  
         *-----*                                                                
      (-001)                                                                    
   *-----*                                                                      
(-005)                                                                          

--------------------------------------------------------------------------------
Adding -2...
                        (0002)                                                  
                     *----*------*                                              
                  (0001)      (0003)                                            
               *-----*                                                          
            (-001)                                                              
   *-----------*                                                                
(-005)                                                                          
  *------*                                                                      
      (-002)                                                                    

--------------------------------------------------------------------------------
Adding 50...
                        (0002)                                                  
                     *----*------*                                              
                  (0001)      (0003)                                            
               *-----*          *------*                                        
            (-001)                  (0050)                                      
   *-----------*                                                                
(-005)                                                                          
  *------*                                                                      
      (-002)                                                                    

--------------------------------------------------------------------------------
Adding 30...
                        (0002)                                                  
                     *----*------*                                              
                  (0001)      (0003)                                            
               *-----*          *------------*                                  
            (-001)                        (0050)                                
   *-----------*                       *-----*                                  
(-005)                              (0030)                                      
  *------*                                                                      
      (-002)                                                                    

--------------------------------------------------------------------------------
Adding 6...
                        (0002)                                                  
                     *----*------*                                              
                  (0001)      (0003)                                            
               *-----*          *------------------*                            
            (-001)                              (0050)                          
   *-----------*                             *-----*                            
(-005)                                    (0030)                                
  *------*                             *-----*                                  
      (-002)                        (0006)                                      

--------------------------------------------------------------------------------
Adding 4...
                        (0002)                                                  
                     *----*------*                                              
                  (0001)      (0003)                                            
               *-----*          *------------------------*                      
            (-001)                                    (0050)                    
   *-----------*                                   *-----*                      
(-005)                                          (0030)                          
  *------*                                   *-----*                            
      (-002)                              (0006)                                
                                       *-----*                                  
                                    (0004)                                      

--------------------------------------------------------------------------------
Deleting 4...
                        (0002)                                                  
                     *----*------*                                              
                  (0001)      (0003)                                            
               *-----*          *------------------*                            
            (-001)                              (0050)                          
   *-----------*                             *-----*                            
(-005)                                    (0030)                                
  *------*                             *-----*                                  
      (-002)                        (0006)                                      

--------------------------------------------------------------------------------
Deleting 6...
                        (0002)                                                  
                     *----*------*                                              
                  (0001)      (0003)                                            
               *-----*          *------------*                                  
            (-001)                        (0050)                                
   *-----------*                       *-----*                                  
(-005)                              (0030)                                      
  *------*                                                                      
      (-002)                                                                    

--------------------------------------------------------------------------------
Deleting -5...
                  (0002)                                                        
               *----*------*                                                    
            (0001)      (0003)                                                  
         *-----*          *------------*                                        
      (-001)                        (0050)                                      
   *-----*                       *-----*                                        
(-002)                        (0030)                                            

--------------------------------------------------------------------------------
Deleting 2...
                  (0003)                                                        
               *----*------------*                                              
            (0001)            (0050)                                            
         *-----*           *-----*                                              
      (-001)            (0030)                                                  
   *-----*                                                                      
(-002)                                                                          

--------------------------------------------------------------------------------
Deleting 1...
            (0003)                                                              
         *----*------------*                                                    
      (-001)            (0050)                                                  
   *-----*           *-----*                                                    
(-002)            (0030)                                                        

--------------------------------------------------------------------------------
Deleting 50...
            (0003)                                                              
         *----*------*                                                          
      (-001)      (0030)                                                        
   *-----*                                                                      
(-002)                                                                          

--------------------------------------------------------------------------------
Deleting 3...
            (0030)                                                              
         *-----*                                                                
      (-001)                                                                    
   *-----*                                                                      
(-002)                                                                          

--------------------------------------------------------------------------------
Deleting -1...
      (0030)                                                                    
   *-----*                                                                      
(-002)                                                                          

--------------------------------------------------------------------------------
Deleting -2...
(0030)                                                                          

--------------------------------------------------------------------------------
Deleting 30...
Tree is empty!


New num tree...
Tree is empty!

Adding...
1.100000

(1.10)                                                                          

--------------------------------------------------------------------------------
Adding...
4.200000

(1.10)                                                                          
  *------*                                                                      
      (4.20)                                                                    

--------------------------------------------------------------------------------
Adding...
5.200000

(1.10)                                                                          
  *------*                                                                      
      (4.20)                                                                    
        *------*                                                                
            (5.20)                                                              

--------------------------------------------------------------------------------
Adding...
-2.320000

      (1.10)                                                                    
   *----*------*                                                                
(-2.32      (4.20)                                                              
              *------*                                                          
                  (5.20)                                                        

--------------------------------------------------------------------------------
Adding...
32.200000

      (1.10)                                                                    
   *----*------*                                                                
(-2.32      (4.20)                                                              
              *------*                                                          
                  (5.20)                                                        
                    *------*                                                    
                        (32.20                                                  

--------------------------------------------------------------------------------
Deleting...
32.200000

      (1.10)                                                                    
   *----*------*                                                                
(-2.32      (4.20)                                                              
              *------*                                                          
                  (5.20)                                                        

--------------------------------------------------------------------------------
Deleting...
-2.320000

(1.10)                                                                          
  *------*                                                                      
      (4.20)                                                                    
        *------*                                                                
            (5.20)                                                              

--------------------------------------------------------------------------------
Deleting...
5.200000

(1.10)                                                                          
  *------*                                                                      
      (4.20)                                                                    

--------------------------------------------------------------------------------
Deleting...
4.200000

(1.10)                                                                          

--------------------------------------------------------------------------------
Deleting...
1.100000

Tree is empty!


Before sorting numbers...
[1.110000, 42.210000, 32.322000, -34.300000, 34.200000, 96.100000, -3.400000, 232.100000, 2.200000, 99.100000]
After sorting numbers...
[-34.300000, -3.400000, 1.110000, 2.200000, 32.322000, 34.200000, 42.210000, 96.100000, 99.100000, 232.100000]

Showing quicksort on strings...
=====================================================================================
At this step:
current array: [ kofi stephen millie sophie josh chang ]
pivot swapped: kofi,chang
array after swap: [ chang stephen millie sophie josh kofi ]
pivot swapped: millie,kofi
array after swap: [ chang stephen kofi sophie josh millie ]
strings swapped: josh,kofi
array after swap: [ chang stephen josh sophie kofi millie ]
pivot is kofi
strings swapped: stephen,josh
array after swap: [ chang josh stephen sophie kofi millie ]
strings swapped: stephen,kofi
array after swap: [ chang josh kofi sophie stephen millie ]
strings swapped: millie,sophie
array after swap: [ chang josh kofi millie stephen sophie ]
=====================================================================================
At this step:
current array: [ chang josh kofi millie stephen sophie ]
pivot is josh
=====================================================================================
At this step:
current array: [ chang josh kofi millie stephen sophie ]
pivot is chang
=====================================================================================
At this step:
current array: [ chang josh kofi millie stephen sophie ]
pivot swapped: stephen,sophie
array after swap: [ chang josh kofi millie sophie stephen ]
pivot is sophie
=====================================================================================
QuickSort complete! Final Result: [ chang josh kofi millie sophie stephen ]
