1.500000
3.500000
[5.400000, 4.100000, 3.500000, 24.100000]
