+-------------+  +------+  +-----+  +-----+  +------+
| HELLO WORLD |->| HAII |->| OIO |->| WWW |->| NULL |
+-------------+  +------+  +-----+  +-----+  +------+
0                1         2        3        <- Index
+---+  +---+  +------+
| 0 |->| 1 |->| NULL |
+---+  +---+  +------+
0      1      <- Index
