            (0001)                                                              
         *----*------------*                                                    
      (0000)            (0003)                                                  
   *-----*           *----*------*                                              
(-001)            (0002)      (0004)                                            
                                *------*                                        
                                    (0006)                                      
                                      *------*                                  
                                          (0053)                                
                                                                                
                                                                                
                                                                                
                                                                                
                                                                                
                                                                                
                                                                                
                                                                                
                                                                                
                                                                                
                                                                                
