0.300000
3.333333
13.000000
13.000000
7.000000
1.000000
3.000000
