HAPPY
[ S ] -> [ T ] -> [ R ] -> [ U ] -> [ X ]
5
