+----------+----------+-----------+----------+
| 3.600000 | 4.216000 | -5.250000 | 6.400000 |
+----------+----------+-----------+----------+
Head                                      Tail
+--------+---+-----+-------+----+
| -39632 | 4 | 356 | 89494 | 22 |
+--------+---+-----+-------+----+
Head                         Tail
4
+------+------+--------+--------+
| Josh | Kofi | Millie | Sophie |
+------+------+--------+--------+
Head                         Tail
+---+---+
| 1 | 0 |
+---+---+
Head Tail
