+-------------+ <- Top
| 4           |
+-------------+
| 3           |
+-------------+
| 2           |
+-------------+
| 1           |
+-------------+
| 0           |
+-------------+
+--------------------+ <- Top
| 98.000000          |
+--------------------+
| -1752552844.300000 |
+--------------------+
| 326.300000         |
+--------------------+
+------------------------------------------------+ <- Top
| Josh                                           |
+------------------------------------------------+
| Millie                                         |
+------------------------------------------------+
| Kofi                                           |
+------------------------------------------------+
| Strux                                          |
+------------------------------------------------+
| Sophie                                         |
+------------------------------------------------+
+-------------+ <- Top
| 1           |
+-------------+
| 0           |
+-------------+
| 1           |
+-------------+
