                    (001)                                                       
                 +----+----+                                                    
               (000)     (002)                                                  
  +--------------+         +----+                                               
(-04)                         (003)                                             
  +---------+                                                                   
          (-02)                                                                 
       +----+                                                                   
     (-03)                                                                      
                                                                                
                                                                                
                                                                                
                                                                                
                                                                                
                                                                                
                                                                                
                                                                                
                                                                                
                                                                                
                                                                                
