+------------------------------------------------+ <- Top
| O                                              |
+------------------------------------------------+
| O                                              |
+------------------------------------------------+
| H                                              |
+------------------------------------------------+
| S                                              |
+------------------------------------------------+