+----------+  +----------+  +------+
| 8.000000 |->| 6.000000 |->| NULL |
+----------+  +----------+  +------+
0             1             <- Index
